<div class="panel-body">
    <button class="btn btn-success" onclick="javascript:location='http://google.com';" style="display:none"> Make everything OK </button>
</div>
<div class="panel-footer">
    <a class="btn btn-success" href="#ok" title="Make-Button" rel="next" onclick="javascript:window.okFinalize(); return false;"> Do all GREAT </a>
</div>