<div class="panel-body">
    <a href="#ok" class="btn btn-warning" rel="next" onclick="javascript:window.close(); return false;"> Make something somehow </a>
</div>
<div class="panel-footer">
    <a class="btn btn-success" href="#ok" title="Do-Link" rel="next" onclick="javascript:window.okDone(); return false;"> Do anything perfect </a>
</div>