<div class="panel-body">
    <div class="some-container">
        <a class="btn test-link-ok" href="#ok" title="Make-Button" rel="next" onclick="javascript:window.okComplete(); return false;"> Make everything OK </a>
    </div>
</div>