<div class="panel-body">
    <a class="btn btn-danger" href="#ok" title="Make-Button" onclick="javascript:window.close(); return false;"> Break everyone's OK </a>
    <a class="btn btn-success" href="#check-and-ok" title="Make-Button" rel="done" onclick="javascript:window.okDone(); return false;"> Make everything OK </a>
</div>